<html>
<body>
<pre>
<h1>µVision Build Log</h1>
<h2>Tool Versions:</h2>
IDE-Version: µVision V5.39.0.0
Copyright (C) 2023 ARM Ltd and ARM Germany GmbH. All rights reserved.
License Information: Pranay bhavsar, san jose state university, LIC=----
 
Tool Versions:
Toolchain:       MDK-Lite  Version: 5.39.0.0
Toolchain Path:  C:\Keil_v5\ARM\ARM_Compiler_5.06u7\Bin
C Compiler:      Armcc.exe V5.06 update 7 (build 960)
Assembler:       Armasm.exe V5.06 update 7 (build 960)
Linker/Locator:  ArmLink.exe V5.06 update 7 (build 960)
Library Manager: ArmAr.exe V5.06 update 7 (build 960)
Hex Converter:   FromElf.exe V5.06 update 7 (build 960)
CPU DLL:         SARMCM3.DLL V5.39.0.0
Dialog DLL:      DARMCM1.DLL V1.19.6.0
Target DLL:      UL2CM3.DLL V1.164.9.0
Dialog DLL:      TARMCM1.DLL V1.14.6.0
 
<h2>Project:</h2>
C:\Users\prana\OneDrive\Desktop\E277A\galactic_defenders\kiel_project\code.uvprojx
Project File Date:  05/17/2024

<h2>Output:</h2>
*** Using Compiler 'V5.06 update 7 (build 960)', folder: 'C:\Keil_v5\ARM\ARM_Compiler_5.06u7\Bin'
Build target 'Target 1'
compiling main.c...
Application\main.c(187): warning:  #223-D: function "strlen" declared implicitly
      length = strlen(score_str);
Application\main.c(33): warning:  #550-D: variable "gamespeed"  was set but never used
  static int gamespeed;
Application\main.c: 2 warnings, 0 errors
linking...
Program Size: Code=6056 RO-data=176 RW-data=2372 ZI-data=2676  
After Build - User command #1: fromelf -bin code.axf -o code.bin
Warning: Q3910W: Old syntax, please use '--bin'.
Finished: 0 information, 1 warning and 0 error messages.
After Build - User command #2: fromelf -cvf code.axf --vhx --32x1 -o code.hex
".\code.axf" - 0 Error(s), 2 Warning(s).

<h2>Software Packages used:</h2>

Package Vendor: ARM
                https://www.keil.com/pack/ARM.CMSIS.6.0.0.pack
                ARM::CMSIS@6.0.0
                CMSIS (Common Microcontroller Software Interface Standard)
   * Component: CORE Version: 6.0.0

Package Vendor: ARM
                https://www.keil.com/pack/ARM.Cortex_DFP.1.0.0.pack
                ARM::Cortex_DFP@1.0.0
                ARM Cortex Pseudo Device Family Pack

<h2>Collection of Component include folders:</h2>
  ./RTE/_Target_1
  C:/Users/prana/AppData/Local/Arm/Packs/ARM/CMSIS/6.0.0/CMSIS/Core/Include
  C:/Users/prana/AppData/Local/Arm/Packs/ARM/Cortex_DFP/1.0.0/Device/ARMCM0/Include

<h2>Collection of Component Files used:</h2>

   * Component: ARM::CMSIS:CORE@6.0.0
Build Time Elapsed:  00:00:01
</pre>
</body>
</html>
