Component: ARM Compiler 5.06 update 7 (build 960) Tool: armlink [4d3601]

==============================================================================

Section Cross References

    cm0dsasm.o(STACK) refers (Special) to heapauxi.o(.text) for __use_two_region_memory
    cm0dsasm.o(HEAP) refers (Special) to heapauxi.o(.text) for __use_two_region_memory
    cm0dsasm.o(RESET) refers (Special) to heapauxi.o(.text) for __use_two_region_memory
    cm0dsasm.o(RESET) refers to cm0dsasm.o(.text) for Reset_Handler
    cm0dsasm.o(.text) refers (Special) to heapauxi.o(.text) for __use_two_region_memory
    cm0dsasm.o(.text) refers to main.o(.text) for Timer_ISR
    cm0dsasm.o(.text) refers to __main.o(!!!main) for __main
    cm0dsasm.o(.text) refers to cm0dsasm.o(HEAP) for Heap_Mem
    cm0dsasm.o(.text) refers to cm0dsasm.o(STACK) for Stack_Mem
    edk_api.o(.text) refers to edk_driver.o(.text) for VGA_plot_pixel
    edk_api.o(.text) refers to edk_api.o(.data) for dig4
    retarget.o(.rev16_text) refers (Special) to use_no_semi.o(.text) for __use_no_semihosting_swi
    retarget.o(.revsh_text) refers (Special) to use_no_semi.o(.text) for __use_no_semihosting_swi
    retarget.o(.text) refers (Special) to use_no_semi.o(.text) for __use_no_semihosting_swi
    retarget.o(.data) refers (Special) to use_no_semi.o(.text) for __use_no_semihosting_swi
    main.o(.text) refers to _printf_percent.o(.ARM.Collect$$_printf_percent$$00000000) for _printf_percent
    main.o(.text) refers to _printf_d.o(.ARM.Collect$$_printf_percent$$00000009) for _printf_d
    main.o(.text) refers to _printf_dec.o(.text) for _printf_int_dec
    main.o(.text) refers to edk_driver.o(.text) for VGA_plot_pixel
    main.o(.text) refers to noretval__2sprintf.o(.text) for __2sprintf
    main.o(.text) refers to strlen.o(.text) for strlen
    main.o(.text) refers to edk_api.o(.text) for clear_screen
    main.o(.text) refers to noretval__2printf.o(.text) for __2printf
    main.o(.text) refers to retarget.o(.text) for KBHIT
    main.o(.text) refers to main.o(.data) for digit_bitmaps
    main.o(.text) refers to main.o(.bss) for rocket
    __2printf.o(.text) refers to _printf_char_file.o(.text) for _printf_char_file
    __2printf.o(.text) refers to retarget.o(.data) for __stdout
    __2sprintf.o(.text) refers to _printf_char_common.o(.text) for _printf_char_common
    __2sprintf.o(.text) refers to _sputc.o(.text) for _sputc
    noretval__2printf.o(.text) refers to _printf_char_file.o(.text) for _printf_char_file
    noretval__2printf.o(.text) refers to retarget.o(.data) for __stdout
    noretval__2sprintf.o(.text) refers to _printf_char_common.o(.text) for _printf_char_common
    noretval__2sprintf.o(.text) refers to _sputc.o(.text) for _sputc
    __printf.o(.text) refers to _printf_percent.o(.ARM.Collect$$_printf_percent$$00000000) for _printf_percent
    _printf_dec.o(.text) refers to rtudiv10.o(.text) for __rt_udiv10
    _printf_dec.o(.text) refers to _printf_intcommon.o(.text) for _printf_int_common
    __printf_flags.o(.text) refers to _printf_percent.o(.ARM.Collect$$_printf_percent$$00000000) for _printf_percent
    __printf_flags.o(.text) refers to __printf_flags.o(.constdata) for .constdata
    __printf_ss.o(.text) refers to _printf_percent.o(.ARM.Collect$$_printf_percent$$00000000) for _printf_percent
    __printf_flags_ss.o(.text) refers to _printf_percent.o(.ARM.Collect$$_printf_percent$$00000000) for _printf_percent
    __printf_flags_ss.o(.text) refers to __printf_flags_ss.o(.constdata) for .constdata
    __printf_wp.o(.text) refers to __printf_wp.o(i._is_digit) for _is_digit
    __printf_wp.o(.text) refers to _printf_percent.o(.ARM.Collect$$_printf_percent$$00000000) for _printf_percent
    __printf_flags_wp.o(.text) refers to __printf_wp.o(i._is_digit) for _is_digit
    __printf_flags_wp.o(.text) refers to _printf_percent.o(.ARM.Collect$$_printf_percent$$00000000) for _printf_percent
    __printf_flags_wp.o(.text) refers to __printf_flags_wp.o(.constdata) for .constdata
    __printf_ss_wp.o(.text) refers to __printf_wp.o(i._is_digit) for _is_digit
    __printf_ss_wp.o(.text) refers to _printf_percent.o(.ARM.Collect$$_printf_percent$$00000000) for _printf_percent
    __printf_flags_ss_wp.o(.text) refers to __printf_wp.o(i._is_digit) for _is_digit
    __printf_flags_ss_wp.o(.text) refers to _printf_percent.o(.ARM.Collect$$_printf_percent$$00000000) for _printf_percent
    __printf_flags_ss_wp.o(.text) refers to __printf_flags_ss_wp.o(.constdata) for .constdata
    _printf_d.o(.ARM.Collect$$_printf_percent$$00000009) refers (Weak) to _printf_dec.o(.text) for _printf_int_dec
    _printf_percent.o(.ARM.Collect$$_printf_percent$$00000000) refers (Special) to _printf_percent_end.o(.ARM.Collect$$_printf_percent$$00000017) for _printf_percent_end
    __main.o(!!!main) refers to __rtentry.o(.ARM.Collect$$rtentry$$00000000) for __rt_entry
    __rtentry.o(.ARM.Collect$$rtentry$$00000000) refers (Special) to __rtentry2.o(.ARM.Collect$$rtentry$$0000000A) for __rt_entry_li
    __rtentry.o(.ARM.Collect$$rtentry$$00000000) refers (Special) to __rtentry2.o(.ARM.Collect$$rtentry$$0000000D) for __rt_entry_main
    __rtentry.o(.ARM.Collect$$rtentry$$00000000) refers (Special) to __rtentry2.o(.ARM.Collect$$rtentry$$0000000C) for __rt_entry_postli_1
    __rtentry.o(.ARM.Collect$$rtentry$$00000000) refers (Special) to __rtentry2.o(.ARM.Collect$$rtentry$$00000009) for __rt_entry_postsh_1
    __rtentry.o(.ARM.Collect$$rtentry$$00000000) refers (Special) to __rtentry2.o(.ARM.Collect$$rtentry$$00000002) for __rt_entry_presh_1
    __rtentry.o(.ARM.Collect$$rtentry$$00000000) refers (Special) to __rtentry4.o(.ARM.Collect$$rtentry$$00000004) for __rt_entry_sh
    _printf_char_common.o(.text) refers to __printf.o(.text) for __printf
    _printf_char_file.o(.text) refers to _printf_char_common.o(.text) for _printf_char_common
    _printf_char_file.o(.text) refers to retarget.o(.text) for ferror
    __rtentry2.o(.ARM.Collect$$rtentry$$00000008) refers to boardinit2.o(.text) for _platform_post_stackheap_init
    __rtentry2.o(.ARM.Collect$$rtentry$$0000000A) refers to libinit.o(.ARM.Collect$$libinit$$00000000) for __rt_lib_init
    __rtentry2.o(.ARM.Collect$$rtentry$$0000000B) refers to boardinit3.o(.text) for _platform_post_lib_init
    __rtentry2.o(.ARM.Collect$$rtentry$$0000000D) refers to main.o(.text) for main
    __rtentry2.o(.ARM.Collect$$rtentry$$0000000D) refers to exit.o(.text) for exit
    __rtentry2.o(.ARM.exidx) refers to __rtentry2.o(.ARM.Collect$$rtentry$$00000001) for .ARM.Collect$$rtentry$$00000001
    __rtentry2.o(.ARM.exidx) refers to __rtentry2.o(.ARM.Collect$$rtentry$$00000008) for .ARM.Collect$$rtentry$$00000008
    __rtentry2.o(.ARM.exidx) refers to __rtentry2.o(.ARM.Collect$$rtentry$$0000000A) for .ARM.Collect$$rtentry$$0000000A
    __rtentry2.o(.ARM.exidx) refers to __rtentry2.o(.ARM.Collect$$rtentry$$0000000B) for .ARM.Collect$$rtentry$$0000000B
    __rtentry2.o(.ARM.exidx) refers to __rtentry2.o(.ARM.Collect$$rtentry$$0000000D) for .ARM.Collect$$rtentry$$0000000D
    __rtentry4.o(.ARM.Collect$$rtentry$$00000004) refers to sys_stackheap_outer.o(.text) for __user_setup_stackheap
    __rtentry4.o(.ARM.exidx) refers to __rtentry4.o(.ARM.Collect$$rtentry$$00000004) for .ARM.Collect$$rtentry$$00000004
    sys_stackheap_outer.o(.text) refers to libspace.o(.text) for __user_perproc_libspace
    sys_stackheap_outer.o(.text) refers to cm0dsasm.o(.text) for __user_initial_stackheap
    sys_stackheap_outer.o(__vectab_stack_and_reset_area) refers to tempstk.o(.text) for __temporary_stack_top
    sys_stackheap_outer.o(__vectab_stack_and_reset_area) refers to __main.o(!!!main) for __main
    exit.o(.text) refers to rtexit.o(.ARM.Collect$$rtexit$$00000000) for __rt_exit
    libinit.o(.ARM.Collect$$libinit$$00000000) refers (Special) to libinit2.o(.ARM.Collect$$libinit$$0000002E) for __rt_lib_init_alloca_1
    libinit.o(.ARM.Collect$$libinit$$00000000) refers (Special) to libinit2.o(.ARM.Collect$$libinit$$0000002C) for __rt_lib_init_argv_1
    libinit.o(.ARM.Collect$$libinit$$00000000) refers (Special) to libinit2.o(.ARM.Collect$$libinit$$0000001B) for __rt_lib_init_atexit_1
    libinit.o(.ARM.Collect$$libinit$$00000000) refers (Special) to libinit2.o(.ARM.Collect$$libinit$$00000021) for __rt_lib_init_clock_1
    libinit.o(.ARM.Collect$$libinit$$00000000) refers (Special) to libinit2.o(.ARM.Collect$$libinit$$00000032) for __rt_lib_init_cpp_1
    libinit.o(.ARM.Collect$$libinit$$00000000) refers (Special) to libinit2.o(.ARM.Collect$$libinit$$00000030) for __rt_lib_init_exceptions_1
    libinit.o(.ARM.Collect$$libinit$$00000000) refers (Special) to libinit2.o(.ARM.Collect$$libinit$$00000002) for __rt_lib_init_fp_1
    libinit.o(.ARM.Collect$$libinit$$00000000) refers (Special) to libinit2.o(.ARM.Collect$$libinit$$0000001F) for __rt_lib_init_fp_trap_1
    libinit.o(.ARM.Collect$$libinit$$00000000) refers (Special) to libinit2.o(.ARM.Collect$$libinit$$00000023) for __rt_lib_init_getenv_1
    libinit.o(.ARM.Collect$$libinit$$00000000) refers (Special) to libinit2.o(.ARM.Collect$$libinit$$0000000A) for __rt_lib_init_heap_1
    libinit.o(.ARM.Collect$$libinit$$00000000) refers (Special) to libinit2.o(.ARM.Collect$$libinit$$00000011) for __rt_lib_init_lc_collate_1
    libinit.o(.ARM.Collect$$libinit$$00000000) refers (Special) to libinit2.o(.ARM.Collect$$libinit$$00000013) for __rt_lib_init_lc_ctype_1
    libinit.o(.ARM.Collect$$libinit$$00000000) refers (Special) to libinit2.o(.ARM.Collect$$libinit$$00000015) for __rt_lib_init_lc_monetary_1
    libinit.o(.ARM.Collect$$libinit$$00000000) refers (Special) to libinit2.o(.ARM.Collect$$libinit$$00000017) for __rt_lib_init_lc_numeric_1
    libinit.o(.ARM.Collect$$libinit$$00000000) refers (Special) to libinit2.o(.ARM.Collect$$libinit$$00000019) for __rt_lib_init_lc_time_1
    libinit.o(.ARM.Collect$$libinit$$00000000) refers (Special) to libinit2.o(.ARM.Collect$$libinit$$00000004) for __rt_lib_init_preinit_1
    libinit.o(.ARM.Collect$$libinit$$00000000) refers (Special) to libinit2.o(.ARM.Collect$$libinit$$0000000E) for __rt_lib_init_rand_1
    libinit.o(.ARM.Collect$$libinit$$00000000) refers (Special) to libinit2.o(.ARM.Collect$$libinit$$00000033) for __rt_lib_init_return
    libinit.o(.ARM.Collect$$libinit$$00000000) refers (Special) to libinit2.o(.ARM.Collect$$libinit$$0000001D) for __rt_lib_init_signal_1
    libinit.o(.ARM.Collect$$libinit$$00000000) refers (Special) to libinit2.o(.ARM.Collect$$libinit$$00000025) for __rt_lib_init_stdio_1
    libinit.o(.ARM.Collect$$libinit$$00000000) refers (Special) to libinit2.o(.ARM.Collect$$libinit$$0000000C) for __rt_lib_init_user_alloc_1
    libspace.o(.text) refers to libspace.o(.bss) for __libspace_start
    rtexit.o(.ARM.Collect$$rtexit$$00000000) refers (Special) to rtexit2.o(.ARM.Collect$$rtexit$$00000004) for __rt_exit_exit
    rtexit.o(.ARM.Collect$$rtexit$$00000000) refers (Special) to rtexit2.o(.ARM.Collect$$rtexit$$00000003) for __rt_exit_ls
    rtexit.o(.ARM.Collect$$rtexit$$00000000) refers (Special) to rtexit2.o(.ARM.Collect$$rtexit$$00000002) for __rt_exit_prels_1
    rtexit.o(.ARM.exidx) refers (Special) to rtexit2.o(.ARM.Collect$$rtexit$$00000004) for __rt_exit_exit
    rtexit.o(.ARM.exidx) refers (Special) to rtexit2.o(.ARM.Collect$$rtexit$$00000003) for __rt_exit_ls
    rtexit.o(.ARM.exidx) refers (Special) to rtexit2.o(.ARM.Collect$$rtexit$$00000002) for __rt_exit_prels_1
    rtexit.o(.ARM.exidx) refers to rtexit.o(.ARM.Collect$$rtexit$$00000000) for .ARM.Collect$$rtexit$$00000000
    libinit2.o(.ARM.Collect$$libinit$$00000010) refers to libinit2.o(.ARM.Collect$$libinit$$0000000F) for .ARM.Collect$$libinit$$0000000F
    libinit2.o(.ARM.Collect$$libinit$$00000012) refers to libinit2.o(.ARM.Collect$$libinit$$0000000F) for .ARM.Collect$$libinit$$0000000F
    libinit2.o(.ARM.Collect$$libinit$$00000014) refers to libinit2.o(.ARM.Collect$$libinit$$0000000F) for .ARM.Collect$$libinit$$0000000F
    libinit2.o(.ARM.Collect$$libinit$$00000016) refers to libinit2.o(.ARM.Collect$$libinit$$0000000F) for .ARM.Collect$$libinit$$0000000F
    libinit2.o(.ARM.Collect$$libinit$$00000018) refers to libinit2.o(.ARM.Collect$$libinit$$0000000F) for .ARM.Collect$$libinit$$0000000F
    libinit2.o(.ARM.Collect$$libinit$$00000026) refers to argv_veneer.o(.text) for __ARM_argv_veneer
    libinit2.o(.ARM.Collect$$libinit$$00000027) refers to argv_veneer.o(.text) for __ARM_argv_veneer
    rtexit2.o(.ARM.Collect$$rtexit$$00000003) refers to libshutdown.o(.ARM.Collect$$libshutdown$$00000000) for __rt_lib_shutdown
    rtexit2.o(.ARM.Collect$$rtexit$$00000004) refers to retarget.o(.text) for _sys_exit
    rtexit2.o(.ARM.exidx) refers to rtexit2.o(.ARM.Collect$$rtexit$$00000001) for .ARM.Collect$$rtexit$$00000001
    rtexit2.o(.ARM.exidx) refers to rtexit2.o(.ARM.Collect$$rtexit$$00000003) for .ARM.Collect$$rtexit$$00000003
    rtexit2.o(.ARM.exidx) refers to rtexit2.o(.ARM.Collect$$rtexit$$00000004) for .ARM.Collect$$rtexit$$00000004
    _get_argv_nomalloc.o(.text) refers (Special) to hrguard.o(.text) for __heap_region$guard
    _get_argv_nomalloc.o(.text) refers to defsig_rtmem_outer.o(.text) for __rt_SIGRTMEM
    _get_argv_nomalloc.o(.text) refers to sys_command.o(.text) for _sys_command_string
    libshutdown.o(.ARM.Collect$$libshutdown$$00000000) refers (Special) to libshutdown2.o(.ARM.Collect$$libshutdown$$00000004) for __rt_lib_shutdown_cpp_1
    libshutdown.o(.ARM.Collect$$libshutdown$$00000000) refers (Special) to libshutdown2.o(.ARM.Collect$$libshutdown$$00000002) for __rt_lib_shutdown_fini_1
    libshutdown.o(.ARM.Collect$$libshutdown$$00000000) refers (Special) to libshutdown2.o(.ARM.Collect$$libshutdown$$00000009) for __rt_lib_shutdown_fp_trap_1
    libshutdown.o(.ARM.Collect$$libshutdown$$00000000) refers (Special) to libshutdown2.o(.ARM.Collect$$libshutdown$$00000011) for __rt_lib_shutdown_heap_1
    libshutdown.o(.ARM.Collect$$libshutdown$$00000000) refers (Special) to libshutdown2.o(.ARM.Collect$$libshutdown$$00000012) for __rt_lib_shutdown_return
    libshutdown.o(.ARM.Collect$$libshutdown$$00000000) refers (Special) to libshutdown2.o(.ARM.Collect$$libshutdown$$0000000C) for __rt_lib_shutdown_signal_1
    libshutdown.o(.ARM.Collect$$libshutdown$$00000000) refers (Special) to libshutdown2.o(.ARM.Collect$$libshutdown$$00000006) for __rt_lib_shutdown_stdio_1
    libshutdown.o(.ARM.Collect$$libshutdown$$00000000) refers (Special) to libshutdown2.o(.ARM.Collect$$libshutdown$$0000000E) for __rt_lib_shutdown_user_alloc_1
    sys_command.o(.text) refers (Special) to use_no_semi.o(.text) for __I$use$semihosting
    sys_command.o(.text) refers (Special) to indicate_semi.o(.text) for __semihosting_library_function
    defsig_rtmem_outer.o(.text) refers to defsig_rtmem_inner.o(.text) for __rt_SIGRTMEM_inner
    defsig_rtmem_outer.o(.text) refers to defsig_exit.o(.text) for __sig_exit
    defsig_rtmem_formal.o(.text) refers to rt_raise.o(.text) for __rt_raise
    rt_raise.o(.text) refers to __raise.o(.text) for __raise
    rt_raise.o(.text) refers to retarget.o(.text) for _sys_exit
    defsig_exit.o(.text) refers to retarget.o(.text) for _sys_exit
    defsig_rtmem_inner.o(.text) refers to defsig_general.o(.text) for __default_signal_display
    __raise.o(.text) refers to defsig.o(CL$$defsig) for __default_signal_handler
    defsig_general.o(.text) refers to retarget.o(.text) for _ttywrch
    defsig.o(CL$$defsig) refers to defsig_rtmem_inner.o(.text) for __rt_SIGRTMEM_inner
    defsig_abrt_inner.o(.text) refers to defsig_general.o(.text) for __default_signal_display
    defsig_fpe_inner.o(.text) refers to defsig_general.o(.text) for __default_signal_display
    defsig_rtred_inner.o(.text) refers to defsig_general.o(.text) for __default_signal_display
    defsig_stak_inner.o(.text) refers to defsig_general.o(.text) for __default_signal_display
    defsig_pvfn_inner.o(.text) refers to defsig_general.o(.text) for __default_signal_display
    defsig_cppl_inner.o(.text) refers to defsig_general.o(.text) for __default_signal_display
    defsig_segv_inner.o(.text) refers to defsig_general.o(.text) for __default_signal_display
    defsig_other.o(.text) refers to defsig_general.o(.text) for __default_signal_display


==============================================================================

Removing Unused input sections from the image.

    Removing edk_api.o(.rev16_text), (4 bytes).
    Removing edk_api.o(.revsh_text), (4 bytes).
    Removing edk_driver.o(.rev16_text), (4 bytes).
    Removing edk_driver.o(.revsh_text), (4 bytes).
    Removing edk_driver.o(.data), (4 bytes).
    Removing retarget.o(.rev16_text), (4 bytes).
    Removing retarget.o(.revsh_text), (4 bytes).
    Removing main.o(.rev16_text), (4 bytes).
    Removing main.o(.revsh_text), (4 bytes).

9 unused section(s) (total 36 bytes) removed from the image.

==============================================================================

Image Symbol Table

    Local Symbols

    Symbol Name                              Value     Ov Type        Size  Object(Section)

    RESET                                    0x00000000   Section      128  cm0dsasm.o(RESET)
    ../clib/../cmprslib/zerorunl2.c          0x00000000   Number         0  __dczerorl2.o ABSOLUTE
    ../clib/angel/boardlib.s                 0x00000000   Number         0  boardinit1.o ABSOLUTE
    ../clib/angel/boardlib.s                 0x00000000   Number         0  boardinit3.o ABSOLUTE
    ../clib/angel/boardlib.s                 0x00000000   Number         0  boardinit2.o ABSOLUTE
    ../clib/angel/boardlib.s                 0x00000000   Number         0  boardshut.o ABSOLUTE
    ../clib/angel/handlers.s                 0x00000000   Number         0  __scatter_zi.o ABSOLUTE
    ../clib/angel/handlers.s                 0x00000000   Number         0  __scatter_copy.o ABSOLUTE
    ../clib/angel/kernel.s                   0x00000000   Number         0  __rtentry4.o ABSOLUTE
    ../clib/angel/kernel.s                   0x00000000   Number         0  __rtentry.o ABSOLUTE
    ../clib/angel/kernel.s                   0x00000000   Number         0  rtexit.o ABSOLUTE
    ../clib/angel/kernel.s                   0x00000000   Number         0  __rtentry2.o ABSOLUTE
    ../clib/angel/kernel.s                   0x00000000   Number         0  rtexit2.o ABSOLUTE
    ../clib/angel/rt.s                       0x00000000   Number         0  rt_raise.o ABSOLUTE
    ../clib/angel/scatterp.s                 0x00000000   Number         0  __scatter.o ABSOLUTE
    ../clib/angel/startup.s                  0x00000000   Number         0  __main.o ABSOLUTE
    ../clib/angel/sys.s                      0x00000000   Number         0  indicate_semi.o ABSOLUTE
    ../clib/angel/sys.s                      0x00000000   Number         0  sys_stackheap_outer.o ABSOLUTE
    ../clib/angel/sys.s                      0x00000000   Number         0  tempstk.o ABSOLUTE
    ../clib/angel/sys.s                      0x00000000   Number         0  libspace.o ABSOLUTE
    ../clib/angel/sys.s                      0x00000000   Number         0  use_no_semi.o ABSOLUTE
    ../clib/angel/sysapp.c                   0x00000000   Number         0  sys_command.o ABSOLUTE
    ../clib/armsys.c                         0x00000000   Number         0  _get_argv_nomalloc.o ABSOLUTE
    ../clib/armsys.c                         0x00000000   Number         0  no_argv.o ABSOLUTE
    ../clib/armsys.c                         0x00000000   Number         0  argv_veneer.o ABSOLUTE
    ../clib/division.c                       0x00000000   Number         0  rtudiv10.o ABSOLUTE
    ../clib/heapalloc.c                      0x00000000   Number         0  hrguard.o ABSOLUTE
    ../clib/heapaux.c                        0x00000000   Number         0  heapauxi.o ABSOLUTE
    ../clib/libinit.s                        0x00000000   Number         0  libshutdown.o ABSOLUTE
    ../clib/libinit.s                        0x00000000   Number         0  libshutdown2.o ABSOLUTE
    ../clib/libinit.s                        0x00000000   Number         0  libinit2.o ABSOLUTE
    ../clib/libinit.s                        0x00000000   Number         0  libinit.o ABSOLUTE
    ../clib/printf.c                         0x00000000   Number         0  _printf_intcommon.o ABSOLUTE
    ../clib/printf.c                         0x00000000   Number         0  _printf_char_common.o ABSOLUTE
    ../clib/printf.c                         0x00000000   Number         0  __2printf.o ABSOLUTE
    ../clib/printf.c                         0x00000000   Number         0  noretval__2sprintf.o ABSOLUTE
    ../clib/printf.c                         0x00000000   Number         0  __printf.o ABSOLUTE
    ../clib/printf.c                         0x00000000   Number         0  __printf_nopercent.o ABSOLUTE
    ../clib/printf.c                         0x00000000   Number         0  __printf_flags.o ABSOLUTE
    ../clib/printf.c                         0x00000000   Number         0  __printf_ss.o ABSOLUTE
    ../clib/printf.c                         0x00000000   Number         0  __printf_flags_ss.o ABSOLUTE
    ../clib/printf.c                         0x00000000   Number         0  _printf_char_file.o ABSOLUTE
    ../clib/printf.c                         0x00000000   Number         0  __printf_flags_wp.o ABSOLUTE
    ../clib/printf.c                         0x00000000   Number         0  __printf_ss_wp.o ABSOLUTE
    ../clib/printf.c                         0x00000000   Number         0  __printf_flags_ss_wp.o ABSOLUTE
    ../clib/printf.c                         0x00000000   Number         0  _printf_dec.o ABSOLUTE
    ../clib/printf.c                         0x00000000   Number         0  __printf_wp.o ABSOLUTE
    ../clib/printf.c                         0x00000000   Number         0  _sputc.o ABSOLUTE
    ../clib/printf.c                         0x00000000   Number         0  __2sprintf.o ABSOLUTE
    ../clib/printf.c                         0x00000000   Number         0  noretval__2printf.o ABSOLUTE
    ../clib/printf_percent.s                 0x00000000   Number         0  _printf_percent_end.o ABSOLUTE
    ../clib/printf_percent.s                 0x00000000   Number         0  _printf_percent.o ABSOLUTE
    ../clib/printf_percent.s                 0x00000000   Number         0  _printf_d.o ABSOLUTE
    ../clib/signal.c                         0x00000000   Number         0  __raise.o ABSOLUTE
    ../clib/signal.c                         0x00000000   Number         0  defsig_rtmem_inner.o ABSOLUTE
    ../clib/signal.c                         0x00000000   Number         0  defsig_exit.o ABSOLUTE
    ../clib/signal.c                         0x00000000   Number         0  defsig_stak_inner.o ABSOLUTE
    ../clib/signal.c                         0x00000000   Number         0  defsig_rtmem_formal.o ABSOLUTE
    ../clib/signal.c                         0x00000000   Number         0  defsig_rtmem_outer.o ABSOLUTE
    ../clib/signal.c                         0x00000000   Number         0  defsig_other.o ABSOLUTE
    ../clib/signal.c                         0x00000000   Number         0  defsig_segv_inner.o ABSOLUTE
    ../clib/signal.c                         0x00000000   Number         0  defsig_cppl_inner.o ABSOLUTE
    ../clib/signal.c                         0x00000000   Number         0  defsig_pvfn_inner.o ABSOLUTE
    ../clib/signal.c                         0x00000000   Number         0  defsig_rtred_inner.o ABSOLUTE
    ../clib/signal.c                         0x00000000   Number         0  defsig_fpe_inner.o ABSOLUTE
    ../clib/signal.c                         0x00000000   Number         0  defsig_abrt_inner.o ABSOLUTE
    ../clib/signal.c                         0x00000000   Number         0  defsig_general.o ABSOLUTE
    ../clib/signal.s                         0x00000000   Number         0  defsig.o ABSOLUTE
    ../clib/stdlib.c                         0x00000000   Number         0  exit.o ABSOLUTE
    ../clib/string.c                         0x00000000   Number         0  strlen.o ABSOLUTE
    ../fplib/cfplib/fpinit.c                 0x00000000   Number         0  fpinit.o ABSOLUTE
    Application\\main.c                      0x00000000   Number         0  main.o ABSOLUTE
    Application\main.c                       0x00000000   Number         0  main.o ABSOLUTE
    Device\\edk_api.c                        0x00000000   Number         0  edk_api.o ABSOLUTE
    Device\\edk_driver.c                     0x00000000   Number         0  edk_driver.o ABSOLUTE
    Device\\retarget.c                       0x00000000   Number         0  retarget.o ABSOLUTE
    Device\cm0dsasm.s                        0x00000000   Number         0  cm0dsasm.o ABSOLUTE
    Device\edk_api.c                         0x00000000   Number         0  edk_api.o ABSOLUTE
    Device\edk_driver.c                      0x00000000   Number         0  edk_driver.o ABSOLUTE
    Device\retarget.c                        0x00000000   Number         0  retarget.o ABSOLUTE
    dc.s                                     0x00000000   Number         0  dc.o ABSOLUTE
    !!!main                                  0x00000080   Section        8  __main.o(!!!main)
    !!!scatter                               0x00000088   Section       60  __scatter.o(!!!scatter)
    !!handler_copy                           0x000000c4   Section       26  __scatter_copy.o(!!handler_copy)
    !!handler_zi                             0x000000e0   Section       28  __scatter_zi.o(!!handler_zi)
    .ARM.Collect$$_printf_percent$$00000000  0x000000fc   Section        2  _printf_percent.o(.ARM.Collect$$_printf_percent$$00000000)
    .ARM.Collect$$_printf_percent$$00000009  0x000000fe   Section       10  _printf_d.o(.ARM.Collect$$_printf_percent$$00000009)
    .ARM.Collect$$_printf_percent$$00000017  0x00000108   Section        4  _printf_percent_end.o(.ARM.Collect$$_printf_percent$$00000017)
    .ARM.Collect$$libinit$$00000000          0x0000010c   Section        2  libinit.o(.ARM.Collect$$libinit$$00000000)
    .ARM.Collect$$libinit$$00000002          0x0000010e   Section        0  libinit2.o(.ARM.Collect$$libinit$$00000002)
    .ARM.Collect$$libinit$$00000004          0x0000010e   Section        0  libinit2.o(.ARM.Collect$$libinit$$00000004)
    .ARM.Collect$$libinit$$0000000A          0x0000010e   Section        0  libinit2.o(.ARM.Collect$$libinit$$0000000A)
    .ARM.Collect$$libinit$$0000000C          0x0000010e   Section        0  libinit2.o(.ARM.Collect$$libinit$$0000000C)
    .ARM.Collect$$libinit$$0000000E          0x0000010e   Section        0  libinit2.o(.ARM.Collect$$libinit$$0000000E)
    .ARM.Collect$$libinit$$00000011          0x0000010e   Section        0  libinit2.o(.ARM.Collect$$libinit$$00000011)
    .ARM.Collect$$libinit$$00000013          0x0000010e   Section        0  libinit2.o(.ARM.Collect$$libinit$$00000013)
    .ARM.Collect$$libinit$$00000015          0x0000010e   Section        0  libinit2.o(.ARM.Collect$$libinit$$00000015)
    .ARM.Collect$$libinit$$00000017          0x0000010e   Section        0  libinit2.o(.ARM.Collect$$libinit$$00000017)
    .ARM.Collect$$libinit$$00000019          0x0000010e   Section        0  libinit2.o(.ARM.Collect$$libinit$$00000019)
    .ARM.Collect$$libinit$$0000001B          0x0000010e   Section        0  libinit2.o(.ARM.Collect$$libinit$$0000001B)
    .ARM.Collect$$libinit$$0000001D          0x0000010e   Section        0  libinit2.o(.ARM.Collect$$libinit$$0000001D)
    .ARM.Collect$$libinit$$0000001F          0x0000010e   Section        0  libinit2.o(.ARM.Collect$$libinit$$0000001F)
    .ARM.Collect$$libinit$$00000021          0x0000010e   Section        0  libinit2.o(.ARM.Collect$$libinit$$00000021)
    .ARM.Collect$$libinit$$00000023          0x0000010e   Section        0  libinit2.o(.ARM.Collect$$libinit$$00000023)
    .ARM.Collect$$libinit$$00000025          0x0000010e   Section        0  libinit2.o(.ARM.Collect$$libinit$$00000025)
    .ARM.Collect$$libinit$$0000002C          0x0000010e   Section        0  libinit2.o(.ARM.Collect$$libinit$$0000002C)
    .ARM.Collect$$libinit$$0000002E          0x0000010e   Section        0  libinit2.o(.ARM.Collect$$libinit$$0000002E)
    .ARM.Collect$$libinit$$00000030          0x0000010e   Section        0  libinit2.o(.ARM.Collect$$libinit$$00000030)
    .ARM.Collect$$libinit$$00000032          0x0000010e   Section        0  libinit2.o(.ARM.Collect$$libinit$$00000032)
    .ARM.Collect$$libinit$$00000033          0x0000010e   Section        2  libinit2.o(.ARM.Collect$$libinit$$00000033)
    .ARM.Collect$$libshutdown$$00000000      0x00000110   Section        2  libshutdown.o(.ARM.Collect$$libshutdown$$00000000)
    .ARM.Collect$$libshutdown$$00000002      0x00000112   Section        0  libshutdown2.o(.ARM.Collect$$libshutdown$$00000002)
    .ARM.Collect$$libshutdown$$00000004      0x00000112   Section        0  libshutdown2.o(.ARM.Collect$$libshutdown$$00000004)
    .ARM.Collect$$libshutdown$$00000006      0x00000112   Section        0  libshutdown2.o(.ARM.Collect$$libshutdown$$00000006)
    .ARM.Collect$$libshutdown$$00000009      0x00000112   Section        0  libshutdown2.o(.ARM.Collect$$libshutdown$$00000009)
    .ARM.Collect$$libshutdown$$0000000C      0x00000112   Section        0  libshutdown2.o(.ARM.Collect$$libshutdown$$0000000C)
    .ARM.Collect$$libshutdown$$0000000E      0x00000112   Section        0  libshutdown2.o(.ARM.Collect$$libshutdown$$0000000E)
    .ARM.Collect$$libshutdown$$00000011      0x00000112   Section        0  libshutdown2.o(.ARM.Collect$$libshutdown$$00000011)
    .ARM.Collect$$libshutdown$$00000012      0x00000112   Section        2  libshutdown2.o(.ARM.Collect$$libshutdown$$00000012)
    .ARM.Collect$$rtentry$$00000000          0x00000114   Section        0  __rtentry.o(.ARM.Collect$$rtentry$$00000000)
    .ARM.Collect$$rtentry$$00000002          0x00000114   Section        0  __rtentry2.o(.ARM.Collect$$rtentry$$00000002)
    .ARM.Collect$$rtentry$$00000004          0x00000114   Section        6  __rtentry4.o(.ARM.Collect$$rtentry$$00000004)
    .ARM.Collect$$rtentry$$00000009          0x0000011a   Section        0  __rtentry2.o(.ARM.Collect$$rtentry$$00000009)
    .ARM.Collect$$rtentry$$0000000A          0x0000011a   Section        4  __rtentry2.o(.ARM.Collect$$rtentry$$0000000A)
    .ARM.Collect$$rtentry$$0000000C          0x0000011e   Section        0  __rtentry2.o(.ARM.Collect$$rtentry$$0000000C)
    .ARM.Collect$$rtentry$$0000000D          0x0000011e   Section        8  __rtentry2.o(.ARM.Collect$$rtentry$$0000000D)
    .ARM.Collect$$rtexit$$00000000           0x00000126   Section        2  rtexit.o(.ARM.Collect$$rtexit$$00000000)
    .ARM.Collect$$rtexit$$00000002           0x00000128   Section        0  rtexit2.o(.ARM.Collect$$rtexit$$00000002)
    .ARM.Collect$$rtexit$$00000003           0x00000128   Section        4  rtexit2.o(.ARM.Collect$$rtexit$$00000003)
    .ARM.Collect$$rtexit$$00000004           0x0000012c   Section        6  rtexit2.o(.ARM.Collect$$rtexit$$00000004)
    .text                                    0x00000134   Section       52  cm0dsasm.o(.text)
    .text                                    0x00000168   Section        0  edk_api.o(.text)
    NVIC_SetPriority                         0x00000169   Thumb Code   110  edk_api.o(.text)
    .text                                    0x00000314   Section        0  edk_driver.o(.text)
    .text                                    0x00000398   Section        0  retarget.o(.text)
    .text                                    0x000003f8   Section        0  main.o(.text)
    NVIC_EnableIRQ                           0x00001493   Thumb Code    14  main.o(.text)
    NVIC_DisableIRQ                          0x000014a1   Thumb Code    16  main.o(.text)
    .text                                    0x000014d0   Section        2  use_no_semi.o(.text)
    .text                                    0x000014d4   Section        0  noretval__2printf.o(.text)
    .text                                    0x000014f0   Section        0  noretval__2sprintf.o(.text)
    .text                                    0x00001518   Section        0  __printf.o(.text)
    .text                                    0x00001584   Section        0  _printf_dec.o(.text)
    .text                                    0x000015f0   Section        0  strlen.o(.text)
    .text                                    0x00001634   Section        0  heapauxi.o(.text)
    .text                                    0x0000163a   Section        0  _printf_intcommon.o(.text)
    .text                                    0x000016ec   Section        0  _printf_char_common.o(.text)
    _printf_input_char                       0x000016ed   Thumb Code    10  _printf_char_common.o(.text)
    .text                                    0x0000171c   Section        0  _sputc.o(.text)
    .text                                    0x00001728   Section        0  _printf_char_file.o(.text)
    .text                                    0x00001750   Section        0  rtudiv10.o(.text)
    .text                                    0x00001778   Section       62  sys_stackheap_outer.o(.text)
    .text                                    0x000017b6   Section        0  exit.o(.text)
    .text                                    0x000017c8   Section        8  libspace.o(.text)
    .text                                    0x000017d0   Section        0  __dczerorl2.o(.text)
    .data                                    0x00001858   Section        4  edk_api.o(.data)
    dig1                                     0x00001858   Data           1  edk_api.o(.data)
    dig2                                     0x00001859   Data           1  edk_api.o(.data)
    dig3                                     0x0000185a   Data           1  edk_api.o(.data)
    dig4                                     0x0000185b   Data           1  edk_api.o(.data)
    .data                                    0x0000185c   Section       12  retarget.o(.data)
    dig1                                     0x0000185c   Data           1  retarget.o(.data)
    dig2                                     0x0000185d   Data           1  retarget.o(.data)
    dig3                                     0x0000185e   Data           1  retarget.o(.data)
    dig4                                     0x0000185f   Data           1  retarget.o(.data)
    .data                                    0x00001868   Section     2356  main.o(.data)
    dig1                                     0x00001868   Data           1  main.o(.data)
    dig2                                     0x00001869   Data           1  main.o(.data)
    dig3                                     0x0000186a   Data           1  main.o(.data)
    dig4                                     0x0000186b   Data           1  main.o(.data)
    key                                      0x0000186c   Data           1  main.o(.data)
    score                                    0x00001870   Data           4  main.o(.data)
    pause                                    0x00001874   Data           4  main.o(.data)
    rocket_has_moved                         0x00001878   Data           4  main.o(.data)
    rocket_has_attacked                      0x0000187c   Data           4  main.o(.data)
    rocket_attack_button_released            0x00001880   Data           4  main.o(.data)
    alien_alive_status                       0x00001884   Data          60  main.o(.data)
    gamespeed                                0x000018c0   Data           4  main.o(.data)
    speed_table                              0x000018c4   Data          40  main.o(.data)
    alien_attack_x_arbiter                   0x000018ec   Data           4  main.o(.data)
    alien_attack_y_arbiter                   0x000018f0   Data           4  main.o(.data)
    alien_attack_delay                       0x000018f4   Data           4  main.o(.data)
    .bss                                     0x0000219c   Section      520  main.o(.bss)
    alien_attacks                            0x000021c4   Data         240  main.o(.bss)
    rocket_attacks                           0x000022b4   Data         240  main.o(.bss)
    .bss                                     0x000023a4   Section       96  libspace.o(.bss)
    HEAP                                     0x00002410   Section     1024  cm0dsasm.o(HEAP)
    Heap_Mem                                 0x00002410   Data        1024  cm0dsasm.o(HEAP)
    STACK                                    0x00002810   Section     1024  cm0dsasm.o(STACK)
    Stack_Mem                                0x00002810   Data        1024  cm0dsasm.o(STACK)

    Global Symbols

    Symbol Name                              Value     Ov Type        Size  Object(Section)

    BuildAttributes$$THM_ISAv3M$S$PE$A:L22$X:L11$S22$IEEE1$IW$USESV6$~STKCKD$USESV7$~SHL$OSPACE$ROPI$EBA8$UX$STANDARDLIB$REQ8$PRES8$EABIv2 0x00000000   Number         0  anon$$obj.o ABSOLUTE
    __ARM_use_no_argv                        0x00000000   Number         0  main.o ABSOLUTE
    __Vectors                                0x00000000   Data           4  cm0dsasm.o(RESET)
    __ARM_exceptions_init                     - Undefined Weak Reference
    __alloca_initialize                       - Undefined Weak Reference
    __arm_fini_                               - Undefined Weak Reference
    __arm_preinit_                            - Undefined Weak Reference
    __cpp_initialize__aeabi_                  - Undefined Weak Reference
    __cxa_finalize                            - Undefined Weak Reference
    __rt_locale                               - Undefined Weak Reference
    __sigvec_lookup                           - Undefined Weak Reference
    _atexit_init                              - Undefined Weak Reference
    _call_atexit_fns                          - Undefined Weak Reference
    _clock_init                               - Undefined Weak Reference
    _fp_trap_init                             - Undefined Weak Reference
    _fp_trap_shutdown                         - Undefined Weak Reference
    _get_lc_collate                           - Undefined Weak Reference
    _get_lc_ctype                             - Undefined Weak Reference
    _get_lc_monetary                          - Undefined Weak Reference
    _get_lc_numeric                           - Undefined Weak Reference
    _get_lc_time                              - Undefined Weak Reference
    _getenv_init                              - Undefined Weak Reference
    _handle_redirection                       - Undefined Weak Reference
    _init_alloc                               - Undefined Weak Reference
    _init_user_alloc                          - Undefined Weak Reference
    _initio                                   - Undefined Weak Reference
    _printf_post_padding                      - Undefined Weak Reference
    _printf_pre_padding                       - Undefined Weak Reference
    _printf_truncate_signed                   - Undefined Weak Reference
    _printf_truncate_unsigned                 - Undefined Weak Reference
    _rand_init                                - Undefined Weak Reference
    _signal_finish                            - Undefined Weak Reference
    _signal_init                              - Undefined Weak Reference
    _terminate_alloc                          - Undefined Weak Reference
    _terminate_user_alloc                     - Undefined Weak Reference
    _terminateio                              - Undefined Weak Reference
    __main                                   0x00000081   Thumb Code     8  __main.o(!!!main)
    __scatterload                            0x00000089   Thumb Code     0  __scatter.o(!!!scatter)
    __scatterload_rt2                        0x00000089   Thumb Code    52  __scatter.o(!!!scatter)
    __scatterload_rt2_thumb_only             0x00000089   Thumb Code     0  __scatter.o(!!!scatter)
    __scatterload_null                       0x00000099   Thumb Code     0  __scatter.o(!!!scatter)
    __scatterload_copy                       0x000000c5   Thumb Code    26  __scatter_copy.o(!!handler_copy)
    __scatterload_zeroinit                   0x000000e1   Thumb Code    28  __scatter_zi.o(!!handler_zi)
    _printf_percent                          0x000000fd   Thumb Code     0  _printf_percent.o(.ARM.Collect$$_printf_percent$$00000000)
    _printf_d                                0x000000ff   Thumb Code     0  _printf_d.o(.ARM.Collect$$_printf_percent$$00000009)
    _printf_percent_end                      0x00000109   Thumb Code     0  _printf_percent_end.o(.ARM.Collect$$_printf_percent$$00000017)
    __rt_lib_init                            0x0000010d   Thumb Code     0  libinit.o(.ARM.Collect$$libinit$$00000000)
    __rt_lib_init_alloca_1                   0x0000010f   Thumb Code     0  libinit2.o(.ARM.Collect$$libinit$$0000002E)
    __rt_lib_init_argv_1                     0x0000010f   Thumb Code     0  libinit2.o(.ARM.Collect$$libinit$$0000002C)
    __rt_lib_init_atexit_1                   0x0000010f   Thumb Code     0  libinit2.o(.ARM.Collect$$libinit$$0000001B)
    __rt_lib_init_clock_1                    0x0000010f   Thumb Code     0  libinit2.o(.ARM.Collect$$libinit$$00000021)
    __rt_lib_init_cpp_1                      0x0000010f   Thumb Code     0  libinit2.o(.ARM.Collect$$libinit$$00000032)
    __rt_lib_init_exceptions_1               0x0000010f   Thumb Code     0  libinit2.o(.ARM.Collect$$libinit$$00000030)
    __rt_lib_init_fp_1                       0x0000010f   Thumb Code     0  libinit2.o(.ARM.Collect$$libinit$$00000002)
    __rt_lib_init_fp_trap_1                  0x0000010f   Thumb Code     0  libinit2.o(.ARM.Collect$$libinit$$0000001F)
    __rt_lib_init_getenv_1                   0x0000010f   Thumb Code     0  libinit2.o(.ARM.Collect$$libinit$$00000023)
    __rt_lib_init_heap_1                     0x0000010f   Thumb Code     0  libinit2.o(.ARM.Collect$$libinit$$0000000A)
    __rt_lib_init_lc_collate_1               0x0000010f   Thumb Code     0  libinit2.o(.ARM.Collect$$libinit$$00000011)
    __rt_lib_init_lc_ctype_1                 0x0000010f   Thumb Code     0  libinit2.o(.ARM.Collect$$libinit$$00000013)
    __rt_lib_init_lc_monetary_1              0x0000010f   Thumb Code     0  libinit2.o(.ARM.Collect$$libinit$$00000015)
    __rt_lib_init_lc_numeric_1               0x0000010f   Thumb Code     0  libinit2.o(.ARM.Collect$$libinit$$00000017)
    __rt_lib_init_lc_time_1                  0x0000010f   Thumb Code     0  libinit2.o(.ARM.Collect$$libinit$$00000019)
    __rt_lib_init_preinit_1                  0x0000010f   Thumb Code     0  libinit2.o(.ARM.Collect$$libinit$$00000004)
    __rt_lib_init_rand_1                     0x0000010f   Thumb Code     0  libinit2.o(.ARM.Collect$$libinit$$0000000E)
    __rt_lib_init_return                     0x0000010f   Thumb Code     0  libinit2.o(.ARM.Collect$$libinit$$00000033)
    __rt_lib_init_signal_1                   0x0000010f   Thumb Code     0  libinit2.o(.ARM.Collect$$libinit$$0000001D)
    __rt_lib_init_stdio_1                    0x0000010f   Thumb Code     0  libinit2.o(.ARM.Collect$$libinit$$00000025)
    __rt_lib_init_user_alloc_1               0x0000010f   Thumb Code     0  libinit2.o(.ARM.Collect$$libinit$$0000000C)
    __rt_lib_shutdown                        0x00000111   Thumb Code     0  libshutdown.o(.ARM.Collect$$libshutdown$$00000000)
    __rt_lib_shutdown_cpp_1                  0x00000113   Thumb Code     0  libshutdown2.o(.ARM.Collect$$libshutdown$$00000004)
    __rt_lib_shutdown_fini_1                 0x00000113   Thumb Code     0  libshutdown2.o(.ARM.Collect$$libshutdown$$00000002)
    __rt_lib_shutdown_fp_trap_1              0x00000113   Thumb Code     0  libshutdown2.o(.ARM.Collect$$libshutdown$$00000009)
    __rt_lib_shutdown_heap_1                 0x00000113   Thumb Code     0  libshutdown2.o(.ARM.Collect$$libshutdown$$00000011)
    __rt_lib_shutdown_return                 0x00000113   Thumb Code     0  libshutdown2.o(.ARM.Collect$$libshutdown$$00000012)
    __rt_lib_shutdown_signal_1               0x00000113   Thumb Code     0  libshutdown2.o(.ARM.Collect$$libshutdown$$0000000C)
    __rt_lib_shutdown_stdio_1                0x00000113   Thumb Code     0  libshutdown2.o(.ARM.Collect$$libshutdown$$00000006)
    __rt_lib_shutdown_user_alloc_1           0x00000113   Thumb Code     0  libshutdown2.o(.ARM.Collect$$libshutdown$$0000000E)
    __rt_entry                               0x00000115   Thumb Code     0  __rtentry.o(.ARM.Collect$$rtentry$$00000000)
    __rt_entry_presh_1                       0x00000115   Thumb Code     0  __rtentry2.o(.ARM.Collect$$rtentry$$00000002)
    __rt_entry_sh                            0x00000115   Thumb Code     0  __rtentry4.o(.ARM.Collect$$rtentry$$00000004)
    __rt_entry_li                            0x0000011b   Thumb Code     0  __rtentry2.o(.ARM.Collect$$rtentry$$0000000A)
    __rt_entry_postsh_1                      0x0000011b   Thumb Code     0  __rtentry2.o(.ARM.Collect$$rtentry$$00000009)
    __rt_entry_main                          0x0000011f   Thumb Code     0  __rtentry2.o(.ARM.Collect$$rtentry$$0000000D)
    __rt_entry_postli_1                      0x0000011f   Thumb Code     0  __rtentry2.o(.ARM.Collect$$rtentry$$0000000C)
    __rt_exit                                0x00000127   Thumb Code     0  rtexit.o(.ARM.Collect$$rtexit$$00000000)
    __rt_exit_ls                             0x00000129   Thumb Code     0  rtexit2.o(.ARM.Collect$$rtexit$$00000003)
    __rt_exit_prels_1                        0x00000129   Thumb Code     0  rtexit2.o(.ARM.Collect$$rtexit$$00000002)
    __rt_exit_exit                           0x0000012d   Thumb Code     0  rtexit2.o(.ARM.Collect$$rtexit$$00000004)
    Reset_Handler                            0x00000135   Thumb Code     4  cm0dsasm.o(.text)
    Timer_Handler                            0x00000139   Thumb Code     8  cm0dsasm.o(.text)
    UART_Handler                             0x00000141   Thumb Code     8  cm0dsasm.o(.text)
    __user_initial_stackheap                 0x00000149   Thumb Code     0  cm0dsasm.o(.text)
    clear_screen                             0x000001d7   Thumb Code    34  edk_api.o(.text)
    SoC_init                                 0x000001f9   Thumb Code    44  edk_api.o(.text)
    Display_Int_Times                        0x00000225   Thumb Code   100  edk_api.o(.text)
    rectangle                                0x00000289   Thumb Code    46  edk_api.o(.text)
    read_switch                              0x000002b7   Thumb Code     8  edk_api.o(.text)
    write_LED                                0x000002bf   Thumb Code    12  edk_api.o(.text)
    delay                                    0x000002cb   Thumb Code    12  edk_api.o(.text)
    random                                   0x000002d7   Thumb Code    36  edk_api.o(.text)
    VGA_plot_pixel                           0x00000315   Thumb Code    14  edk_driver.o(.text)
    seven_seg_write                          0x00000323   Thumb Code    16  edk_driver.o(.text)
    timer_init                               0x00000333   Thumb Code    40  edk_driver.o(.text)
    timer_enable                             0x0000035b   Thumb Code    18  edk_driver.o(.text)
    timer_irq_clear                          0x0000036d   Thumb Code    10  edk_driver.o(.text)
    GPIO_read                                0x00000377   Thumb Code    14  edk_driver.o(.text)
    GPIO_write                               0x00000385   Thumb Code    14  edk_driver.o(.text)
    VGAPutc                                  0x00000399   Thumb Code     8  retarget.o(.text)
    UartPutc                                 0x000003a1   Thumb Code     8  retarget.o(.text)
    UartGetc                                 0x000003a9   Thumb Code    10  retarget.o(.text)
    KBHIT                                    0x000003b3   Thumb Code    22  retarget.o(.text)
    fputc                                    0x000003c9   Thumb Code    14  retarget.o(.text)
    fgetc                                    0x000003d7   Thumb Code    10  retarget.o(.text)
    ferror                                   0x000003e1   Thumb Code     8  retarget.o(.text)
    _ttywrch                                 0x000003e9   Thumb Code    12  retarget.o(.text)
    _sys_exit                                0x000003f5   Thumb Code     4  retarget.o(.text)
    DisplayCharacter                         0x000003f9   Thumb Code    66  main.o(.text)
    DisplayDigit                             0x0000043b   Thumb Code    74  main.o(.text)
    DisplayScoreText                         0x00000485   Thumb Code    64  main.o(.text)
    DisplayScore                             0x000004c5   Thumb Code    76  main.o(.text)
    Game_Init                                0x00000511   Thumb Code   418  main.o(.text)
    Game_Close                               0x000006b3   Thumb Code    38  main.o(.text)
    GameOver                                 0x000006d9   Thumb Code    98  main.o(.text)
    DisplayLives                             0x0000073b   Thumb Code   122  main.o(.text)
    UpdateRocketDirections                   0x000007b5   Thumb Code    88  main.o(.text)
    DisplayRocket                            0x0000080d   Thumb Code   834  main.o(.text)
    MoveRocket                               0x00000b4f   Thumb Code    62  main.o(.text)
    GenerateRocketAttack                     0x00000b8d   Thumb Code    74  main.o(.text)
    CheckTopCollision                        0x00000bd7   Thumb Code   368  main.o(.text)
    DisplayRocketAttacks                     0x00000d47   Thumb Code   198  main.o(.text)
    DisplayAlien                             0x00000e0d   Thumb Code    80  main.o(.text)
    UpdateAlienPositions                     0x00000e5d   Thumb Code   472  main.o(.text)
    GenerateAlienAttack                      0x00001035   Thumb Code   260  main.o(.text)
    BlinkRocket                              0x00001139   Thumb Code    80  main.o(.text)
    DisplayAlienAttacks                      0x00001189   Thumb Code   474  main.o(.text)
    CheckAllAliensHit                        0x00001363   Thumb Code    44  main.o(.text)
    UART_ISR                                 0x0000138f   Thumb Code   122  main.o(.text)
    Timer_ISR                                0x00001409   Thumb Code   124  main.o(.text)
    main                                     0x00001485   Thumb Code    14  main.o(.text)
    __I$use$semihosting                      0x000014d1   Thumb Code     0  use_no_semi.o(.text)
    __use_no_semihosting_swi                 0x000014d1   Thumb Code     2  use_no_semi.o(.text)
    __2printf                                0x000014d5   Thumb Code    22  noretval__2printf.o(.text)
    __2sprintf                               0x000014f1   Thumb Code    36  noretval__2sprintf.o(.text)
    __printf                                 0x00001519   Thumb Code   108  __printf.o(.text)
    _printf_int_dec                          0x00001585   Thumb Code    90  _printf_dec.o(.text)
    strlen                                   0x000015f1   Thumb Code    62  strlen.o(.text)
    __use_two_region_memory                  0x00001635   Thumb Code     2  heapauxi.o(.text)
    __rt_heap_escrow$2region                 0x00001637   Thumb Code     2  heapauxi.o(.text)
    __rt_heap_expand$2region                 0x00001639   Thumb Code     2  heapauxi.o(.text)
    _printf_int_common                       0x0000163b   Thumb Code   176  _printf_intcommon.o(.text)
    _printf_char_common                      0x000016f7   Thumb Code    32  _printf_char_common.o(.text)
    _sputc                                   0x0000171d   Thumb Code    10  _sputc.o(.text)
    _printf_char_file                        0x00001729   Thumb Code    34  _printf_char_file.o(.text)
    __rt_udiv10                              0x00001751   Thumb Code    40  rtudiv10.o(.text)
    __user_setup_stackheap                   0x00001779   Thumb Code    62  sys_stackheap_outer.o(.text)
    exit                                     0x000017b7   Thumb Code    16  exit.o(.text)
    __user_libspace                          0x000017c9   Thumb Code     8  libspace.o(.text)
    __user_perproc_libspace                  0x000017c9   Thumb Code     0  libspace.o(.text)
    __user_perthread_libspace                0x000017c9   Thumb Code     0  libspace.o(.text)
    __decompress                             0x000017d1   Thumb Code     0  __dczerorl2.o(.text)
    __decompress1                            0x000017d1   Thumb Code    86  __dczerorl2.o(.text)
    Region$$Table$$Base                      0x00001828   Number         0  anon$$obj.o(Region$$Table)
    Region$$Table$$Limit                     0x00001858   Number         0  anon$$obj.o(Region$$Table)
    __stdout                                 0x00001860   Data           4  retarget.o(.data)
    __stdin                                  0x00001864   Data           4  retarget.o(.data)
    rocket_image                             0x000018f8   Data         288  main.o(.data)
    alien_image                              0x00001a18   Data         324  main.o(.data)
    small_life_icon                          0x00001b5c   Data         100  main.o(.data)
    digit_bitmaps                            0x00001bc0   Data        1000  main.o(.data)
    S_bitmap                                 0x00001fa8   Data         100  main.o(.data)
    C_bitmap                                 0x0000200c   Data         100  main.o(.data)
    O_bitmap                                 0x00002070   Data         100  main.o(.data)
    R_bitmap                                 0x000020d4   Data         100  main.o(.data)
    E_bitmap                                 0x00002138   Data         100  main.o(.data)
    alien                                    0x0000219c   Data          20  main.o(.bss)
    rocket                                   0x000021b0   Data          20  main.o(.bss)
    __libspace_start                         0x000023a4   Data          96  libspace.o(.bss)
    __temporary_stack_top$libspace           0x00002404   Data           0  libspace.o(.bss)



==============================================================================

Memory Map of the image

  Image Entry point : 0x00000135

  Load Region LR_1 (Base: 0x00000000, Size: 0x0000219c, Max: 0xffffffff, ABSOLUTE, COMPRESSED[0x00001930])

    Execution Region ER_RO (Exec base: 0x00000000, Load base: 0x00000000, Size: 0x00001858, Max: 0xffffffff, ABSOLUTE)

    Exec Addr    Load Addr    Size         Type   Attr      Idx    E Section Name        Object

    0x00000000   0x00000000   0x00000080   Data   RO            3    RESET               cm0dsasm.o
    0x00000080   0x00000080   0x00000008   Code   RO          203  * !!!main             c_p.l(__main.o)
    0x00000088   0x00000088   0x0000003c   Code   RO          373    !!!scatter          c_p.l(__scatter.o)
    0x000000c4   0x000000c4   0x0000001a   Code   RO          375    !!handler_copy      c_p.l(__scatter_copy.o)
    0x000000de   0x000000de   0x00000002   PAD
    0x000000e0   0x000000e0   0x0000001c   Code   RO          377    !!handler_zi        c_p.l(__scatter_zi.o)
    0x000000fc   0x000000fc   0x00000002   Code   RO          198    .ARM.Collect$$_printf_percent$$00000000  c_p.l(_printf_percent.o)
    0x000000fe   0x000000fe   0x0000000a   Code   RO          197    .ARM.Collect$$_printf_percent$$00000009  c_p.l(_printf_d.o)
    0x00000108   0x00000108   0x00000004   Code   RO          214    .ARM.Collect$$_printf_percent$$00000017  c_p.l(_printf_percent_end.o)
    0x0000010c   0x0000010c   0x00000002   Code   RO          244    .ARM.Collect$$libinit$$00000000  c_p.l(libinit.o)
    0x0000010e   0x0000010e   0x00000000   Code   RO          252    .ARM.Collect$$libinit$$00000002  c_p.l(libinit2.o)
    0x0000010e   0x0000010e   0x00000000   Code   RO          254    .ARM.Collect$$libinit$$00000004  c_p.l(libinit2.o)
    0x0000010e   0x0000010e   0x00000000   Code   RO          257    .ARM.Collect$$libinit$$0000000A  c_p.l(libinit2.o)
    0x0000010e   0x0000010e   0x00000000   Code   RO          259    .ARM.Collect$$libinit$$0000000C  c_p.l(libinit2.o)
    0x0000010e   0x0000010e   0x00000000   Code   RO          261    .ARM.Collect$$libinit$$0000000E  c_p.l(libinit2.o)
    0x0000010e   0x0000010e   0x00000000   Code   RO          264    .ARM.Collect$$libinit$$00000011  c_p.l(libinit2.o)
    0x0000010e   0x0000010e   0x00000000   Code   RO          266    .ARM.Collect$$libinit$$00000013  c_p.l(libinit2.o)
    0x0000010e   0x0000010e   0x00000000   Code   RO          268    .ARM.Collect$$libinit$$00000015  c_p.l(libinit2.o)
    0x0000010e   0x0000010e   0x00000000   Code   RO          270    .ARM.Collect$$libinit$$00000017  c_p.l(libinit2.o)
    0x0000010e   0x0000010e   0x00000000   Code   RO          272    .ARM.Collect$$libinit$$00000019  c_p.l(libinit2.o)
    0x0000010e   0x0000010e   0x00000000   Code   RO          274    .ARM.Collect$$libinit$$0000001B  c_p.l(libinit2.o)
    0x0000010e   0x0000010e   0x00000000   Code   RO          276    .ARM.Collect$$libinit$$0000001D  c_p.l(libinit2.o)
    0x0000010e   0x0000010e   0x00000000   Code   RO          278    .ARM.Collect$$libinit$$0000001F  c_p.l(libinit2.o)
    0x0000010e   0x0000010e   0x00000000   Code   RO          280    .ARM.Collect$$libinit$$00000021  c_p.l(libinit2.o)
    0x0000010e   0x0000010e   0x00000000   Code   RO          282    .ARM.Collect$$libinit$$00000023  c_p.l(libinit2.o)
    0x0000010e   0x0000010e   0x00000000   Code   RO          284    .ARM.Collect$$libinit$$00000025  c_p.l(libinit2.o)
    0x0000010e   0x0000010e   0x00000000   Code   RO          288    .ARM.Collect$$libinit$$0000002C  c_p.l(libinit2.o)
    0x0000010e   0x0000010e   0x00000000   Code   RO          290    .ARM.Collect$$libinit$$0000002E  c_p.l(libinit2.o)
    0x0000010e   0x0000010e   0x00000000   Code   RO          292    .ARM.Collect$$libinit$$00000030  c_p.l(libinit2.o)
    0x0000010e   0x0000010e   0x00000000   Code   RO          294    .ARM.Collect$$libinit$$00000032  c_p.l(libinit2.o)
    0x0000010e   0x0000010e   0x00000002   Code   RO          295    .ARM.Collect$$libinit$$00000033  c_p.l(libinit2.o)
    0x00000110   0x00000110   0x00000002   Code   RO          313    .ARM.Collect$$libshutdown$$00000000  c_p.l(libshutdown.o)
    0x00000112   0x00000112   0x00000000   Code   RO          323    .ARM.Collect$$libshutdown$$00000002  c_p.l(libshutdown2.o)
    0x00000112   0x00000112   0x00000000   Code   RO          325    .ARM.Collect$$libshutdown$$00000004  c_p.l(libshutdown2.o)
    0x00000112   0x00000112   0x00000000   Code   RO          327    .ARM.Collect$$libshutdown$$00000006  c_p.l(libshutdown2.o)
    0x00000112   0x00000112   0x00000000   Code   RO          330    .ARM.Collect$$libshutdown$$00000009  c_p.l(libshutdown2.o)
    0x00000112   0x00000112   0x00000000   Code   RO          333    .ARM.Collect$$libshutdown$$0000000C  c_p.l(libshutdown2.o)
    0x00000112   0x00000112   0x00000000   Code   RO          335    .ARM.Collect$$libshutdown$$0000000E  c_p.l(libshutdown2.o)
    0x00000112   0x00000112   0x00000000   Code   RO          338    .ARM.Collect$$libshutdown$$00000011  c_p.l(libshutdown2.o)
    0x00000112   0x00000112   0x00000002   Code   RO          339    .ARM.Collect$$libshutdown$$00000012  c_p.l(libshutdown2.o)
    0x00000114   0x00000114   0x00000000   Code   RO          205    .ARM.Collect$$rtentry$$00000000  c_p.l(__rtentry.o)
    0x00000114   0x00000114   0x00000000   Code   RO          218    .ARM.Collect$$rtentry$$00000002  c_p.l(__rtentry2.o)
    0x00000114   0x00000114   0x00000006   Code   RO          230    .ARM.Collect$$rtentry$$00000004  c_p.l(__rtentry4.o)
    0x0000011a   0x0000011a   0x00000000   Code   RO          220    .ARM.Collect$$rtentry$$00000009  c_p.l(__rtentry2.o)
    0x0000011a   0x0000011a   0x00000004   Code   RO          221    .ARM.Collect$$rtentry$$0000000A  c_p.l(__rtentry2.o)
    0x0000011e   0x0000011e   0x00000000   Code   RO          223    .ARM.Collect$$rtentry$$0000000C  c_p.l(__rtentry2.o)
    0x0000011e   0x0000011e   0x00000008   Code   RO          224    .ARM.Collect$$rtentry$$0000000D  c_p.l(__rtentry2.o)
    0x00000126   0x00000126   0x00000002   Code   RO          249    .ARM.Collect$$rtexit$$00000000  c_p.l(rtexit.o)
    0x00000128   0x00000128   0x00000000   Code   RO          297    .ARM.Collect$$rtexit$$00000002  c_p.l(rtexit2.o)
    0x00000128   0x00000128   0x00000004   Code   RO          298    .ARM.Collect$$rtexit$$00000003  c_p.l(rtexit2.o)
    0x0000012c   0x0000012c   0x00000006   Code   RO          299    .ARM.Collect$$rtexit$$00000004  c_p.l(rtexit2.o)
    0x00000132   0x00000132   0x00000002   PAD
    0x00000134   0x00000134   0x00000034   Code   RO            4  * .text               cm0dsasm.o
    0x00000168   0x00000168   0x000001ac   Code   RO           12    .text               edk_api.o
    0x00000314   0x00000314   0x00000084   Code   RO           59    .text               edk_driver.o
    0x00000398   0x00000398   0x00000060   Code   RO           84    .text               retarget.o
    0x000003f8   0x000003f8   0x000010d8   Code   RO          120    .text               main.o
    0x000014d0   0x000014d0   0x00000002   Code   RO          163    .text               c_p.l(use_no_semi.o)
    0x000014d2   0x000014d2   0x00000002   PAD
    0x000014d4   0x000014d4   0x0000001c   Code   RO          169    .text               c_p.l(noretval__2printf.o)
    0x000014f0   0x000014f0   0x00000028   Code   RO          171    .text               c_p.l(noretval__2sprintf.o)
    0x00001518   0x00001518   0x0000006c   Code   RO          173    .text               c_p.l(__printf.o)
    0x00001584   0x00001584   0x0000006c   Code   RO          175    .text               c_p.l(_printf_dec.o)
    0x000015f0   0x000015f0   0x00000044   Code   RO          199    .text               c_p.l(strlen.o)
    0x00001634   0x00001634   0x00000006   Code   RO          201    .text               c_p.l(heapauxi.o)
    0x0000163a   0x0000163a   0x000000b0   Code   RO          206    .text               c_p.l(_printf_intcommon.o)
    0x000016ea   0x000016ea   0x00000002   PAD
    0x000016ec   0x000016ec   0x00000030   Code   RO          208    .text               c_p.l(_printf_char_common.o)
    0x0000171c   0x0000171c   0x0000000a   Code   RO          210    .text               c_p.l(_sputc.o)
    0x00001726   0x00001726   0x00000002   PAD
    0x00001728   0x00001728   0x00000028   Code   RO          212    .text               c_p.l(_printf_char_file.o)
    0x00001750   0x00001750   0x00000028   Code   RO          215    .text               c_p.l(rtudiv10.o)
    0x00001778   0x00001778   0x0000003e   Code   RO          234    .text               c_p.l(sys_stackheap_outer.o)
    0x000017b6   0x000017b6   0x00000010   Code   RO          237    .text               c_p.l(exit.o)
    0x000017c6   0x000017c6   0x00000002   PAD
    0x000017c8   0x000017c8   0x00000008   Code   RO          245    .text               c_p.l(libspace.o)
    0x000017d0   0x000017d0   0x00000056   Code   RO          371    .text               c_p.l(__dczerorl2.o)
    0x00001826   0x00001826   0x00000002   PAD
    0x00001828   0x00001828   0x00000030   Data   RO          369    Region$$Table       anon$$obj.o


    Execution Region ER_RW (Exec base: 0x00001858, Load base: 0x00001858, Size: 0x00000944, Max: 0xffffffff, ABSOLUTE, COMPRESSED[0x000000d8])

    Exec Addr    Load Addr    Size         Type   Attr      Idx    E Section Name        Object

    0x00001858   COMPRESSED   0x00000004   Data   RW           13    .data               edk_api.o
    0x0000185c   COMPRESSED   0x0000000c   Data   RW           85    .data               retarget.o
    0x00001868   COMPRESSED   0x00000934   Data   RW          122    .data               main.o


    Execution Region ER_ZI (Exec base: 0x0000219c, Load base: 0x00001930, Size: 0x00000a74, Max: 0xffffffff, ABSOLUTE)

    Exec Addr    Load Addr    Size         Type   Attr      Idx    E Section Name        Object

    0x0000219c        -       0x00000208   Zero   RW          121    .bss                main.o
    0x000023a4        -       0x00000060   Zero   RW          246    .bss                c_p.l(libspace.o)
    0x00002404   0x00001930   0x0000000c   PAD
    0x00002410        -       0x00000400   Zero   RW            2    HEAP                cm0dsasm.o
    0x00002810        -       0x00000400   Zero   RW            1    STACK               cm0dsasm.o


==============================================================================

Image component sizes


      Code (inc. data)   RO Data    RW Data    ZI Data      Debug   Object Name

        52         22        128          0       2048        476   cm0dsasm.o
       428         26          0          4          0       7455   edk_api.o
       132          6          0          0          0       1678   edk_driver.o
      4312        836          0       2356        520      15568   main.o
        96          0          0         12          0       3758   retarget.o

    ----------------------------------------------------------------------
      5020        890        176       2372       2568      28935   Object Totals
         0          0         48          0          0          0   (incl. Generated)
         0          0          0          0          0          0   (incl. Padding)

    ----------------------------------------------------------------------

      Code (inc. data)   RO Data    RW Data    ZI Data      Debug   Library Member Name

        86          0          0          0          0          0   __dczerorl2.o
         8          0          0          0          0         68   __main.o
       108          0          0          0          0         76   __printf.o
         0          0          0          0          0          0   __rtentry.o
        12          0          0          0          0          0   __rtentry2.o
         6          0          0          0          0          0   __rtentry4.o
        60          8          0          0          0          0   __scatter.o
        26          0          0          0          0          0   __scatter_copy.o
        28          0          0          0          0          0   __scatter_zi.o
        48          6          0          0          0         88   _printf_char_common.o
        40          6          0          0          0         72   _printf_char_file.o
        10          0          0          0          0          0   _printf_d.o
       108         18          0          0          0         76   _printf_dec.o
       176          0          0          0          0         84   _printf_intcommon.o
         2          0          0          0          0          0   _printf_percent.o
         4          0          0          0          0          0   _printf_percent_end.o
        10          0          0          0          0         60   _sputc.o
        16          0          0          0          0         68   exit.o
         6          0          0          0          0        136   heapauxi.o
         2          0          0          0          0          0   libinit.o
         2          0          0          0          0          0   libinit2.o
         2          0          0          0          0          0   libshutdown.o
         2          0          0          0          0          0   libshutdown2.o
         8          4          0          0         96         68   libspace.o
        28          6          0          0          0         84   noretval__2printf.o
        40          4          0          0          0         84   noretval__2sprintf.o
         2          0          0          0          0          0   rtexit.o
        10          0          0          0          0          0   rtexit2.o
        40          0          0          0          0         60   rtudiv10.o
        68          6          0          0          0         72   strlen.o
        62          0          0          0          0         80   sys_stackheap_outer.o
         2          0          0          0          0         68   use_no_semi.o

    ----------------------------------------------------------------------
      1036         58          0          0        108       1244   Library Totals
        14          0          0          0         12          0   (incl. Padding)

    ----------------------------------------------------------------------

      Code (inc. data)   RO Data    RW Data    ZI Data      Debug   Library Name

      1022         58          0          0         96       1244   c_p.l

    ----------------------------------------------------------------------
      1036         58          0          0        108       1244   Library Totals

    ----------------------------------------------------------------------

==============================================================================


      Code (inc. data)   RO Data    RW Data    ZI Data      Debug   

      6056        948        176       2372       2676      29411   Grand Totals
      6056        948        176        216       2676      29411   ELF Image Totals (compressed)
      6056        948        176        216          0          0   ROM Totals

==============================================================================

    Total RO  Size (Code + RO Data)                 6232 (   6.09kB)
    Total RW  Size (RW Data + ZI Data)              5048 (   4.93kB)
    Total ROM Size (Code + RO Data + RW Data)       6448 (   6.30kB)

==============================================================================

